// Jest Snapshot v1, https://goo.gl/fbAQLP

exports[`Home 1`] = `
<View
  style={
    Array [
      Object {
        "alignItems": "center",
        "flexDirection": "row",
        "justifyContent": "space-between",
        "marginBottom": 66.7,
        "marginTop": 66.7,
        "paddingLeft": 52.5,
        "paddingRight": 52.5,
        "width": 750,
      },
    ]
  }
>
  <Text
    style={
      Array [
        Object {
          "color": "#fff",
          "fontFamily": "Roboto-Medium",
          "fontSize": 22,
        },
      ]
    }
  >
    Ol√° 
    User
  </Text>
  <View
    style={
      Array [
        Object {
          "flexDirection": "row",
        },
      ]
    }
  >
    <View
      accessible={true}
      focusable={true}
      onClick={[Function]}
      onResponderGrant={[Function]}
      onResponderMove={[Function]}
      onResponderRelease={[Function]}
      onResponderTerminate={[Function]}
      onResponderTerminationRequest={[Function]}
      onStartShouldSetResponder={[Function]}
      style={
        Object {
          "opacity": 1,
        }
      }
    >
      <Text />
    </View>
    <View
      accessible={true}
      focusable={true}
      onClick={[Function]}
      onResponderGrant={[Function]}
      onResponderMove={[Function]}
      onResponderRelease={[Function]}
      onResponderTerminate={[Function]}
      onResponderTerminationRequest={[Function]}
      onStartShouldSetResponder={[Function]}
      style={
        Object {
          "opacity": 1,
        }
      }
    >
      <Text />
    </View>
  </View>
</View>
`;
